// Vitest Snapshot v1

exports[`button-snapshot 1`] = `
<button>
  button
</button>
`;
